entering foo...
[ +, true ]
[ -, false ]
...leaving foo
entering foo...
[ +, true ]
[ -, false ]
...leaving foo
entering foo...
[ +, true ]
[ -, false ]
...leaving foo
entering foo...
[ +, true ]
[ -, false ]
...leaving foo
